Archive member included to satisfy reference by file (symbol)

C:/Program Files/ST/STM32CubeIDE_1.18.0/STM32CubeIDE/plugins/com.st.stm32cube.ide.mcu.externaltools.gnu-tools-for-stm32.13.3.rel1.win32_1.0.0.202411081344/tools/bin/../lib/gcc/arm-none-eabi/13.3.1/../../../../arm-none-eabi/lib/thumb/v7-m/nofp\libc_nano.a(libc_a-exit.o)
                              C:/Program Files/ST/STM32CubeIDE_1.18.0/STM32CubeIDE/plugins/com.st.stm32cube.ide.mcu.externaltools.gnu-tools-for-stm32.13.3.rel1.win32_1.0.0.202411081344/tools/bin/../lib/gcc/arm-none-eabi/13.3.1/../../../../arm-none-eabi/lib/thumb/v7-m/nofp/crt0.o (exit)
C:/Program Files/ST/STM32CubeIDE_1.18.0/STM32CubeIDE/plugins/com.st.stm32cube.ide.mcu.externaltools.gnu-tools-for-stm32.13.3.rel1.win32_1.0.0.202411081344/tools/bin/../lib/gcc/arm-none-eabi/13.3.1/../../../../arm-none-eabi/lib/thumb/v7-m/nofp\libc_nano.a(libc_a-findfp.o)
                              C:/Program Files/ST/STM32CubeIDE_1.18.0/STM32CubeIDE/plugins/com.st.stm32cube.ide.mcu.externaltools.gnu-tools-for-stm32.13.3.rel1.win32_1.0.0.202411081344/tools/bin/../lib/gcc/arm-none-eabi/13.3.1/../../../../arm-none-eabi/lib/thumb/v7-m/nofp\libc_nano.a(libc_a-exit.o) (__stdio_exit_handler)
C:/Program Files/ST/STM32CubeIDE_1.18.0/STM32CubeIDE/plugins/com.st.stm32cube.ide.mcu.externaltools.gnu-tools-for-stm32.13.3.rel1.win32_1.0.0.202411081344/tools/bin/../lib/gcc/arm-none-eabi/13.3.1/../../../../arm-none-eabi/lib/thumb/v7-m/nofp\libc_nano.a(libc_a-fwalk.o)
                              C:/Program Files/ST/STM32CubeIDE_1.18.0/STM32CubeIDE/plugins/com.st.stm32cube.ide.mcu.externaltools.gnu-tools-for-stm32.13.3.rel1.win32_1.0.0.202411081344/tools/bin/../lib/gcc/arm-none-eabi/13.3.1/../../../../arm-none-eabi/lib/thumb/v7-m/nofp\libc_nano.a(libc_a-findfp.o) (_fwalk_sglue)
C:/Program Files/ST/STM32CubeIDE_1.18.0/STM32CubeIDE/plugins/com.st.stm32cube.ide.mcu.externaltools.gnu-tools-for-stm32.13.3.rel1.win32_1.0.0.202411081344/tools/bin/../lib/gcc/arm-none-eabi/13.3.1/../../../../arm-none-eabi/lib/thumb/v7-m/nofp\libc_nano.a(libc_a-snprintf.o)
                              ./app/src/display/ssd1306_tests.o (snprintf)
C:/Program Files/ST/STM32CubeIDE_1.18.0/STM32CubeIDE/plugins/com.st.stm32cube.ide.mcu.externaltools.gnu-tools-for-stm32.13.3.rel1.win32_1.0.0.202411081344/tools/bin/../lib/gcc/arm-none-eabi/13.3.1/../../../../arm-none-eabi/lib/thumb/v7-m/nofp\libc_nano.a(libc_a-stdio.o)
                              C:/Program Files/ST/STM32CubeIDE_1.18.0/STM32CubeIDE/plugins/com.st.stm32cube.ide.mcu.externaltools.gnu-tools-for-stm32.13.3.rel1.win32_1.0.0.202411081344/tools/bin/../lib/gcc/arm-none-eabi/13.3.1/../../../../arm-none-eabi/lib/thumb/v7-m/nofp\libc_nano.a(libc_a-findfp.o) (__sread)
C:/Program Files/ST/STM32CubeIDE_1.18.0/STM32CubeIDE/plugins/com.st.stm32cube.ide.mcu.externaltools.gnu-tools-for-stm32.13.3.rel1.win32_1.0.0.202411081344/tools/bin/../lib/gcc/arm-none-eabi/13.3.1/../../../../arm-none-eabi/lib/thumb/v7-m/nofp\libc_nano.a(libc_a-memmove.o)
                              ./app/src/display/ssd1306_tests.o (memmove)
C:/Program Files/ST/STM32CubeIDE_1.18.0/STM32CubeIDE/plugins/com.st.stm32cube.ide.mcu.externaltools.gnu-tools-for-stm32.13.3.rel1.win32_1.0.0.202411081344/tools/bin/../lib/gcc/arm-none-eabi/13.3.1/../../../../arm-none-eabi/lib/thumb/v7-m/nofp\libc_nano.a(libc_a-memset.o)
                              C:/Program Files/ST/STM32CubeIDE_1.18.0/STM32CubeIDE/plugins/com.st.stm32cube.ide.mcu.externaltools.gnu-tools-for-stm32.13.3.rel1.win32_1.0.0.202411081344/tools/bin/../lib/gcc/arm-none-eabi/13.3.1/../../../../arm-none-eabi/lib/thumb/v7-m/nofp/crt0.o (memset)
C:/Program Files/ST/STM32CubeIDE_1.18.0/STM32CubeIDE/plugins/com.st.stm32cube.ide.mcu.externaltools.gnu-tools-for-stm32.13.3.rel1.win32_1.0.0.202411081344/tools/bin/../lib/gcc/arm-none-eabi/13.3.1/../../../../arm-none-eabi/lib/thumb/v7-m/nofp\libc_nano.a(libc_a-closer.o)
                              C:/Program Files/ST/STM32CubeIDE_1.18.0/STM32CubeIDE/plugins/com.st.stm32cube.ide.mcu.externaltools.gnu-tools-for-stm32.13.3.rel1.win32_1.0.0.202411081344/tools/bin/../lib/gcc/arm-none-eabi/13.3.1/../../../../arm-none-eabi/lib/thumb/v7-m/nofp\libc_nano.a(libc_a-stdio.o) (_close_r)
C:/Program Files/ST/STM32CubeIDE_1.18.0/STM32CubeIDE/plugins/com.st.stm32cube.ide.mcu.externaltools.gnu-tools-for-stm32.13.3.rel1.win32_1.0.0.202411081344/tools/bin/../lib/gcc/arm-none-eabi/13.3.1/../../../../arm-none-eabi/lib/thumb/v7-m/nofp\libc_nano.a(libc_a-reent.o)
                              C:/Program Files/ST/STM32CubeIDE_1.18.0/STM32CubeIDE/plugins/com.st.stm32cube.ide.mcu.externaltools.gnu-tools-for-stm32.13.3.rel1.win32_1.0.0.202411081344/tools/bin/../lib/gcc/arm-none-eabi/13.3.1/../../../../arm-none-eabi/lib/thumb/v7-m/nofp\libc_nano.a(libc_a-closer.o) (errno)
[...]
Memory Configuration

Name             Origin             Length             Attributes
RAM              0x20000000         0x00005000         xrw
FLASH            0x08000000         0x00020000         xr
*default*        0x00000000         0xffffffff

Linker script and memory map

LOAD C:/Program Files/ST/STM32CubeIDE_1.18.0/STM32CubeIDE/plugins/com.st.stm32cube.ide.mcu.externaltools.gnu-tools-for-stm32.13.3.rel1.win32_1.0.0.202411081344/tools/bin/../lib/gcc/arm-none-eabi/13.3.1/thumb/v7-m/nofp/crti.o
LOAD C:/Program Files/ST/STM32CubeIDE_1.18.0/STM32CubeIDE/plugins/com.st.stm32cube.ide.mcu.externaltools.gnu-tools-for-stm32.13.3.rel1.win32_1.0.0.202411081344/tools/bin/../lib/gcc/arm-none-eabi/13.3.1/thumb/v7-m/nofp/crtbegin.o
LOAD C:/Program Files/ST/STM32CubeIDE_1.18.0/STM32CubeIDE/plugins/com.st.stm32cube.ide.mcu.externaltools.gnu-tools-for-stm32.13.3.rel1.win32_1.0.0.202411081344/tools/bin/../lib/gcc/arm-none-eabi/13.3.1/../../../../arm-none-eabi/lib/thumb/v7-m/nofp/crt0.o
LOAD ./Core/Src/main.o
LOAD ./Core/Src/stm32f1xx_hal_msp.o
LOAD ./Core/Src/stm32f1xx_it.o
LOAD ./Core/Src/syscalls.o
LOAD ./Core/Src/sysmem.o
LOAD ./Core/Src/system_stm32f1xx.o
LOAD ./Core/Startup/startup_stm32f103rbtx.o
LOAD ./Drivers/STM32F1xx_HAL_Driver/Src/stm32f1xx_hal.o
LOAD ./Drivers/STM32F1xx_HAL_Driver/Src/stm32f1xx_hal_cortex.o
LOAD ./Drivers/STM32F1xx_HAL_Driver/Src/stm32f1xx_hal_dma.o
LOAD ./Drivers/STM32F1xx_HAL_Driver/Src/stm32f1xx_hal_exti.o
LOAD ./Drivers/STM32F1xx_HAL_Driver/Src/stm32f1xx_hal_flash.o
LOAD ./Drivers/STM32F1xx_HAL_Driver/Src/stm32f1xx_hal_flash_ex.o
LOAD ./Drivers/STM32F1xx_HAL_Driver/Src/stm32f1xx_hal_gpio.o
LOAD ./Drivers/STM32F1xx_HAL_Driver/Src/stm32f1xx_hal_gpio_ex.o
LOAD ./Drivers/STM32F1xx_HAL_Driver/Src/stm32f1xx_hal_i2c.o
LOAD ./Drivers/STM32F1xx_HAL_Driver/Src/stm32f1xx_hal_pwr.o
LOAD ./Drivers/STM32F1xx_HAL_Driver/Src/stm32f1xx_hal_rcc.o
LOAD ./Drivers/STM32F1xx_HAL_Driver/Src/stm32f1xx_hal_rcc_ex.o
LOAD ./Drivers/STM32F1xx_HAL_Driver/Src/stm32f1xx_hal_tim.o
LOAD ./Drivers/STM32F1xx_HAL_Driver/Src/stm32f1xx_hal_tim_ex.o
LOAD ./Drivers/STM32F1xx_HAL_Driver/Src/stm32f1xx_hal_uart.o
LOAD ./app/src/Display_Menu.o
LOAD ./app/src/Leer_Encoder.o
LOAD ./app/src/app.o
LOAD ./app/src/display/ssd1306.o
LOAD ./app/src/display/ssd1306_fonts.o
LOAD ./app/src/display/ssd1306_tests.o
START GROUP
LOAD C:/Program Files/ST/STM32CubeIDE_1.18.0/STM32CubeIDE/plugins/com.st.stm32cube.ide.mcu.externaltools.gnu-tools-for-stm32.13.3.rel1.win32_1.0.0.202411081344/tools/bin/../lib/gcc/arm-none-eabi/13.3.1/../../../../arm-none-eabi/lib/thumb/v7-m/nofp\libc_nano.a
LOAD C:/Program Files/ST/STM32CubeIDE_1.18.0/STM32CubeIDE/plugins/com.st.stm32cube.ide.mcu.externaltools.gnu-tools-for-stm32.13.3.rel1.win32_1.0.0.202411081344/tools/bin/../lib/gcc/arm-none-eabi/13.3.1/../../../../arm-none-eabi/lib/thumb/v7-m/nofp\libm.a
END GROUP
START GROUP
LOAD C:/Program Files/ST/STM32CubeIDE_1.18.0/STM32CubeIDE/plugins/com.st.stm32cube.ide.mcu.externaltools.gnu-tools-for-stm32.13.3.rel1.win32_1.0.0.202411081344/tools/bin/../lib/gcc/arm-none-eabi/13.3.1/thumb/v7-m/nofp\libgcc.a
LOAD C:/Program Files/ST/STM32CubeIDE_1.18.0/STM32CubeIDE/plugins/com.st.stm32cube.ide.mcu.externaltools.gnu-tools-for-stm32.13.3.rel1.win32_1.0.0.202411081344/tools/bin/../lib/gcc/arm-none-eabi/13.3.1/../../../../arm-none-eabi/lib/thumb/v7-m/nofp\libc_nano.a
END GROUP
START GROUP
LOAD C:/Program Files/ST/STM32CubeIDE_1.18.0/STM32CubeIDE/plugins/com.st.stm32cube.ide.mcu.externaltools.gnu-tools-for-stm32.13.3.rel1.win32_1.0.0.202411081344/tools/bin/../lib/gcc/arm-none-eabi/13.3.1/thumb/v7-m/nofp\libgcc.a
LOAD C:/Program Files/ST/STM32CubeIDE_1.18.0/STM32CubeIDE/plugins/com.st.stm32cube.ide.mcu.externaltools.gnu-tools-for-stm32.13.3.rel1.win32_1.0.0.202411081344/tools/bin/../lib/gcc/arm-none-eabi/13.3.1/../../../../arm-none-eabi/lib/thumb/v7-m/nofp\libc_nano.a
LOAD C:/Program Files/ST/STM32CubeIDE_1.18.0/STM32CubeIDE/plugins/com.st.stm32cube.ide.mcu.externaltools.gnu-tools-for-stm32.13.3.rel1.win32_1.0.0.202411081344/tools/bin/../lib/gcc/arm-none-eabi/13.3.1/../../../../arm-none-eabi/lib/thumb/v7-m/nofp\libnosys.a
END GROUP
START GROUP
LOAD C:/Program Files/ST/STM32CubeIDE_1.18.0/STM32CubeIDE/plugins/com.st.stm32cube.ide.mcu.externaltools.gnu-tools-for-stm32.13.3.rel1.win32_1.0.0.202411081344/tools/bin/../lib/gcc/arm-none-eabi/13.3.1/thumb/v7-m/nofp\libgcc.a
LOAD C:/Program Files/ST/STM32CubeIDE_1.18.0/STM32CubeIDE/plugins/com.st.stm32cube.ide.mcu.externaltools.gnu-tools-for-stm32.13.3.rel1.win32_1.0.0.202411081344/tools/bin/../lib/gcc/arm-none-eabi/13.3.1/../../../../arm-none-eabi/lib/thumb/v7-m/nofp\libc_nano.a
LOAD C:/Program Files/ST/STM32CubeIDE_1.18.0/STM32CubeIDE/plugins/com.st.stm32cube.ide.mcu.externaltools.gnu-tools-for-stm32.13.3.rel1.win32_1.0.0.202411081344/tools/bin/../lib/gcc/arm-none-eabi/13.3.1/../../../../arm-none-eabi/lib/thumb/v7-m/nofp\libnosys.a
END GROUP
LOAD C:/Program Files/ST/STM32CubeIDE_1.18.0/STM32CubeIDE/plugins/com.st.stm32cube.ide.mcu.externaltools.gnu-tools-for-stm32.13.3.rel1.win32_1.0.0.202411081344/tools/bin/../lib/gcc/arm-none-eabi/13.3.1/thumb/v7-m/nofp/crtend.o
LOAD C:/Program Files/ST/STM32CubeIDE_1.18.0/STM32CubeIDE/plugins/com.st.stm32cube.ide.mcu.externaltools.gnu-tools-for-stm32.13.3.rel1.win32_1.0.0.202411081344/tools/bin/../lib/gcc/arm-none-eabi/13.3.1/thumb/v7-m/nofp/crtn.o
                0x20005000                        _estack = (ORIGIN (RAM) + LENGTH (RAM))
                0x00000200                        _Min_Heap_Size = 0x200
                0x00000400                        _Min_Stack_Size = 0x400

.isr_vector     0x08000000      0x10c
                0x08000000                        . = ALIGN (0x4)
 *(.isr_vector)
 .isr_vector    0x08000000      0x10c ./Core/Startup/startup_stm32f103rbtx.o
                0x08000000                g_pfnVectors
                0x0800010c                        . = ALIGN (0x4)

.text           0x0800010c     0x2e84
                0x0800010c                        . = ALIGN (0x4)
 *(.text)
 .text          0x0800010c       0x40 C:/Program Files/ST/STM32CubeIDE_1.18.0/STM32CubeIDE/plugins/com.st.stm32cube.ide.mcu.externaltools.gnu-tools-for-stm32.13.3.rel1.win32_1.0.0.202411081344/tools/bin/../lib/gcc/arm-none-eabi/13.3.1/thumb/v7-m/nofp/crtbegin.o
 .text          0x0800014c       0x10 C:/Program Files/ST/STM32CubeIDE_1.18.0/STM32CubeIDE/plugins/com.st.stm32cube.ide.mcu.externaltools.gnu-tools-for-stm32.13.3.rel1.win32_1.0.0.202411081344/tools/bin/../lib/gcc/arm-none-eabi/13.3.1/../../../../arm-none-eabi/lib/thumb/v7-m/nofp\libc_nano.a(libc_a-strlen.o)
                0x0800014c                strlen
 *(.text*)
 .text.main     0x0800015c       0x26 ./Core/Src/main.o
                0x0800015c                main
 .text.SystemClock_Config
                0x08000182       0x82 ./Core/Src/main.o
                0x08000182                SystemClock_Config
 .text.MX_I2C1_Init
                0x08000204       0x5c ./Core/Src/main.o
 .text.MX_TIM1_Init
                0x08000260       0xb0 ./Core/Src/main.o
 .text.MX_USART2_UART_Init
                0x08000310       0x54 ./Core/Src/main.o
 .text.MX_GPIO_Init
                0x08000364       0xdc ./Core/Src/main.o
 .text.Error_Handler
                0x08000440        0xc ./Core/Src/main.o
                0x08000440                Error_Handler
 .text.HAL_MspInit
                0x0800044c       0x64 ./Core/Src/stm32f1xx_hal_msp.o
                0x0800044c                HAL_MspInit
 .text.HAL_I2C_MspInit
                0x080004b0       0xa0 ./Core/Src/stm32f1xx_hal_msp.o
                0x080004b0                HAL_I2C_MspInit
 .text.HAL_TIM_Encoder_MspInit
                0x08000550       0x80 ./Core/Src/stm32f1xx_hal_msp.o
                0x08000550                HAL_TIM_Encoder_MspInit
 .text.HAL_UART_MspInit
                0x080005d0       0x7c ./Core/Src/stm32f1xx_hal_msp.o
                0x080005d0                HAL_UART_MspInit
 .text.NMI_Handler
                0x0800064c        0x8 ./Core/Src/stm32f1xx_it.o
                0x0800064c                NMI_Handler
 .text.HardFault_Handler
                0x08000654        0x8 ./Core/Src/stm32f1xx_it.o
                0x08000654                HardFault_Handler
 .text.MemManage_Handler
                0x0800065c        0x8 ./Core/Src/stm32f1xx_it.o
                0x0800065c                MemManage_Handler
 .text.BusFault_Handler
                0x08000664        0x8 ./Core/Src/stm32f1xx_it.o
                0x08000664                BusFault_Handler
 .text.UsageFault_Handler
                0x0800066c        0x8 ./Core/Src/stm32f1xx_it.o
                0x0800066c                UsageFault_Handler
 .text.SVC_Handler
                0x08000674        0xc ./Core/Src/stm32f1xx_it.o
                0x08000674                SVC_Handler
 .text.DebugMon_Handler
                0x08000680        0xc ./Core/Src/stm32f1xx_it.o
                0x08000680                DebugMon_Handler
 .text.PendSV_Handler
                0x0800068c        0xc ./Core/Src/stm32f1xx_it.o
                0x0800068c                PendSV_Handler
 .text.SysTick_Handler
                0x08000698        0xc ./Core/Src/stm32f1xx_it.o
                0x08000698                SysTick_Handler
 .text.EXTI15_10_IRQHandler
                0x080006a4       0x10 ./Core/Src/stm32f1xx_it.o
                0x080006a4                EXTI15_10_IRQHandler
 .text.SystemInit
                0x080006b4        0xc ./Core/Src/system_stm32f1xx.o
                0x080006b4                SystemInit
 .text.Reset_Handler
                0x080006c0       0x48 ./Core/Startup/startup_stm32f103rbtx.o
                0x080006c0                Reset_Handler
 .text.Default_Handler
                0x08000708        0x2 ./Core/Startup/startup_stm32f103rbtx.o
                0x08000708                RTC_Alarm_IRQHandler
                0x08000708                EXTI2_IRQHandler
                0x08000708                TIM1_CC_IRQHandler
                0x08000708                PVD_IRQHandler
                0x08000708                EXTI3_IRQHandler
                0x08000708                EXTI0_IRQHandler
                0x08000708                I2C2_EV_IRQHandler
                0x08000708                ADC1_2_IRQHandler
                0x08000708                SPI1_IRQHandler
                0x08000708                TAMPER_IRQHandler
                0x08000708                DMA1_Channel4_IRQHandler
                0x08000708                USART3_IRQHandler
                0x08000708                RTC_IRQHandler
                0x08000708                DMA1_Channel7_IRQHandler
                0x08000708                CAN1_RX1_IRQHandler
                0x08000708                TIM4_IRQHandler
                0x08000708                I2C1_EV_IRQHandler
                0x08000708                DMA1_Channel6_IRQHandler
                0x08000708                TIM3_IRQHandler
                0x08000708                RCC_IRQHandler
                0x08000708                TIM1_TRG_COM_IRQHandler
                0x08000708                DMA1_Channel1_IRQHandler
                0x08000708                Default_Handler
                0x08000708                EXTI9_5_IRQHandler
                0x08000708                SPI2_IRQHandler
                0x08000708                DMA1_Channel5_IRQHandler
                0x08000708                EXTI4_IRQHandler
                0x08000708                USB_LP_CAN1_RX0_IRQHandler
                0x08000708                USB_HP_CAN1_TX_IRQHandler
                0x08000708                DMA1_Channel3_IRQHandler
                0x08000708                TIM1_UP_IRQHandler
                0x08000708                WWDG_IRQHandler
                0x08000708                TIM2_IRQHandler
                0x08000708                TIM1_BRK_IRQHandler
                0x08000708                EXTI1_IRQHandler
                0x08000708                USART2_IRQHandler
                0x08000708                I2C2_ER_IRQHandler
                0x08000708                DMA1_Channel2_IRQHandler
                0x08000708                CAN1_SCE_IRQHandler
                0x08000708                FLASH_IRQHandler
                0x08000708                USART1_IRQHandler
                0x08000708                I2C1_ER_IRQHandler
                0x08000708                USBWakeUp_IRQHandler
 *fill*         0x0800070a        0x2 
 .text.HAL_Init
                0x0800070c       0x2c ./Drivers/STM32F1xx_HAL_Driver/Src/stm32f1xx_hal.o
                0x0800070c                HAL_Init
 .text.HAL_InitTick
                0x08000738       0x60 ./Drivers/STM32F1xx_HAL_Driver/Src/stm32f1xx_hal.o
                0x08000738                HAL_InitTick
 .text.HAL_IncTick
                0x08000798       0x24 ./Drivers/STM32F1xx_HAL_Driver/Src/stm32f1xx_hal.o
                0x08000798                HAL_IncTick
 .text.HAL_GetTick
                0x080007bc       0x14 ./Drivers/STM32F1xx_HAL_Driver/Src/stm32f1xx_hal.o
                0x080007bc                HAL_GetTick
 .text.HAL_Delay
                0x080007d0       0x48 ./Drivers/STM32F1xx_HAL_Driver/Src/stm32f1xx_hal.o
                0x080007d0                HAL_Delay
 .text.__NVIC_SetPriorityGrouping
                0x08000818       0x48 ./Drivers/STM32F1xx_HAL_Driver/Src/stm32f1xx_hal_cortex.o
 .text.__NVIC_GetPriorityGrouping
                0x08000860       0x1c ./Drivers/STM32F1xx_HAL_Driver/Src/stm32f1xx_hal_cortex.o
 .text.__NVIC_EnableIRQ
                0x0800087c       0x38 ./Drivers/STM32F1xx_HAL_Driver/Src/stm32f1xx_hal_cortex.o
 .text.__NVIC_SetPriority
                0x080008b4       0x54 ./Drivers/STM32F1xx_HAL_Driver/Src/stm32f1xx_hal_cortex.o
 .text.NVIC_EncodePriority
                0x08000908       0x64 ./Drivers/STM32F1xx_HAL_Driver/Src/stm32f1xx_hal_cortex.o
 .text.SysTick_Config
                0x0800096c       0x44 ./Drivers/STM32F1xx_HAL_Driver/Src/stm32f1xx_hal_cortex.o
 .text.HAL_NVIC_SetPriorityGrouping
                0x080009b0       0x16 ./Drivers/STM32F1xx_HAL_Driver/Src/stm32f1xx_hal_cortex.o
                0x080009b0                HAL_NVIC_SetPriorityGrouping
 .text.HAL_NVIC_SetPriority
                0x080009c6       0x38 ./Drivers/STM32F1xx_HAL_Driver/Src/stm32f1xx_hal_cortex.o
                0x080009c6                HAL_NVIC_SetPriority
 .text.HAL_NVIC_EnableIRQ
                0x080009fe       0x1c ./Drivers/STM32F1xx_HAL_Driver/Src/stm32f1xx_hal_cortex.o
                0x080009fe                HAL_NVIC_EnableIRQ
 .text.HAL_SYSTICK_Config
                0x08000a1a       0x18 ./Drivers/STM32F1xx_HAL_Driver/Src/stm32f1xx_hal_cortex.o
                0x08000a1a                HAL_SYSTICK_Config
 *fill*         0x08000a32        0x2 
 .text.HAL_GPIO_Init
                0x08000a34      0x308 ./Drivers/STM32F1xx_HAL_Driver/Src/stm32f1xx_hal_gpio.o
                0x08000a34                HAL_GPIO_Init
 .text.HAL_GPIO_WritePin
                0x08000d3c       0x30 ./Drivers/STM32F1xx_HAL_Driver/Src/stm32f1xx_hal_gpio.o
                0x08000d3c                HAL_GPIO_WritePin
 .text.HAL_GPIO_EXTI_IRQHandler
                0x08000d6c       0x30 ./Drivers/STM32F1xx_HAL_Driver/Src/stm32f1xx_hal_gpio.o
                0x08000d6c                HAL_GPIO_EXTI_IRQHandler
 .text.HAL_GPIO_EXTI_Callback
                0x08000d9c       0x14 ./Drivers/STM32F1xx_HAL_Driver/Src/stm32f1xx_hal_gpio.o
                0x08000d9c                HAL_GPIO_EXTI_Callback
 .text.HAL_I2C_Init
                0x08000db0      0x288 ./Drivers/STM32F1xx_HAL_Driver/Src/stm32f1xx_hal_i2c.o
                0x08000db0                HAL_I2C_Init
 .text.HAL_I2C_Mem_Write
                0x08001038      0x1f4 ./Drivers/STM32F1xx_HAL_Driver/Src/stm32f1xx_hal_i2c.o
                0x08001038                HAL_I2C_Mem_Write
 .text.I2C_RequestMemoryWrite
                0x0800122c      0x12c ./Drivers/STM32F1xx_HAL_Driver/Src/stm32f1xx_hal_i2c.o
 .text.I2C_WaitOnFlagUntilTimeout
                0x08001358       0xf4 ./Drivers/STM32F1xx_HAL_Driver/Src/stm32f1xx_hal_i2c.o
 .text.I2C_WaitOnMasterAddressFlagUntilTimeout
                0x0800144c      0x140 ./Drivers/STM32F1xx_HAL_Driver/Src/stm32f1xx_hal_i2c.o
 .text.I2C_WaitOnTXEFlagUntilTimeout
                0x0800158c       0x90 ./Drivers/STM32F1xx_HAL_Driver/Src/stm32f1xx_hal_i2c.o
 .text.I2C_WaitOnBTFFlagUntilTimeout
                0x0800161c       0x90 ./Drivers/STM32F1xx_HAL_Driver/Src/stm32f1xx_hal_i2c.o
 .text.I2C_IsAcknowledgeFailed
                0x080016ac       0x5c ./Drivers/STM32F1xx_HAL_Driver/Src/stm32f1xx_hal_i2c.o
 .text.HAL_RCC_OscConfig
                0x08001708      0x504 ./Drivers/STM32F1xx_HAL_Driver/Src/stm32f1xx_hal_rcc.o
                0x08001708                HAL_RCC_OscConfig
 .text.HAL_RCC_ClockConfig
                0x08001c0c      0x1d4 ./Drivers/STM32F1xx_HAL_Driver/Src/stm32f1xx_hal_rcc.o
                0x08001c0c                HAL_RCC_ClockConfig
 .text.HAL_RCC_GetSysClockFreq
                0x08001de0       0xa8 ./Drivers/STM32F1xx_HAL_Driver/Src/stm32f1xx_hal_rcc.o
                0x08001de0                HAL_RCC_GetSysClockFreq
 .text.HAL_RCC_GetHCLKFreq
                0x08001e88       0x14 ./Drivers/STM32F1xx_HAL_Driver/Src/stm32f1xx_hal_rcc.o
                0x08001e88                HAL_RCC_GetHCLKFreq
 .text.HAL_RCC_GetPCLK1Freq
                0x08001e9c       0x28 ./Drivers/STM32F1xx_HAL_Driver/Src/stm32f1xx_hal_rcc.o
                0x08001e9c                HAL_RCC_GetPCLK1Freq
 .text.HAL_RCC_GetPCLK2Freq
                0x08001ec4       0x28 ./Drivers/STM32F1xx_HAL_Driver/Src/stm32f1xx_hal_rcc.o
                0x08001ec4                HAL_RCC_GetPCLK2Freq
 .text.RCC_Delay
                0x08001eec       0x3c ./Drivers/STM32F1xx_HAL_Driver/Src/stm32f1xx_hal_rcc.o
 .text.HAL_TIM_Encoder_Init
                0x08001f28      0x144 ./Drivers/STM32F1xx_HAL_Driver/Src/stm32f1xx_hal_tim.o
                0x08001f28                HAL_TIM_Encoder_Init
 .text.HAL_TIM_Encoder_Start
                0x0800206c      0x11c ./Drivers/STM32F1xx_HAL_Driver/Src/stm32f1xx_hal_tim.o
                0x0800206c                HAL_TIM_Encoder_Start
 .text.TIM_Base_SetConfig
                0x08002188       0xdc ./Drivers/STM32F1xx_HAL_Driver/Src/stm32f1xx_hal_tim.o
                0x08002188                TIM_Base_SetConfig
 .text.TIM_CCxChannelCmd
                0x08002264       0x48 ./Drivers/STM32F1xx_HAL_Driver/Src/stm32f1xx_hal_tim.o
                0x08002264                TIM_CCxChannelCmd
 .text.HAL_TIMEx_MasterConfigSynchronization
                0x080022ac       0xbc ./Drivers/STM32F1xx_HAL_Driver/Src/stm32f1xx_hal_tim_ex.o
                0x080022ac                HAL_TIMEx_MasterConfigSynchronization
 .text.HAL_UART_Init
                0x08002368       0xa0 ./Drivers/STM32F1xx_HAL_Driver/Src/stm32f1xx_hal_uart.o
                0x08002368                HAL_UART_Init
 .text.UART_SetConfig
                0x08002408      0x11c ./Drivers/STM32F1xx_HAL_Driver/Src/stm32f1xx_hal_uart.o
 .text.Opcion_Init
                0x08002524       0x26 ./app/src/Display_Menu.o
                0x08002524                Opcion_Init
 .text.Menu_init
                0x0800254a       0x2e ./app/src/Display_Menu.o
                0x0800254a                Menu_init
 .text.Display_Menu_Init
                0x08002578        0xc ./app/src/Display_Menu.o
                0x08002578                Display_Menu_Init
 .text.Display_Menu_Update
                0x08002584      0x100 ./app/src/Display_Menu.o
                0x08002584                Display_Menu_Update
 .text.Leer_Encoder_Init
                0x08002684       0x40 ./app/src/Leer_Encoder.o
                0x08002684                Leer_Encoder_Init
 .text.Leer_Encoder_Update
                0x080026c4      0x1d0 ./app/src/Leer_Encoder.o
                0x080026c4                Leer_Encoder_Update
 .text.app_init
                0x08002894       0x94 ./app/src/app.o
                0x08002894                app_init
 .text.app_update
                0x08002928       0x48 ./app/src/app.o
                0x08002928                app_update
 .text.ssd1306_Reset
                0x08002970        0xc ./app/src/display/ssd1306.o
                0x08002970                ssd1306_Reset
 .text.ssd1306_WriteCommand
                0x0800297c       0x30 ./app/src/display/ssd1306.o
                0x0800297c                ssd1306_WriteCommand
 .text.ssd1306_WriteData
                0x080029ac       0x34 ./app/src/display/ssd1306.o
                0x080029ac                ssd1306_WriteData
 .text.ssd1306_Init
                0x080029e0       0xd4 ./app/src/display/ssd1306.o
                0x080029e0                ssd1306_Init
 .text.ssd1306_Fill
                0x08002ab4       0x30 ./app/src/display/ssd1306.o
                0x08002ab4                ssd1306_Fill
 .text.ssd1306_UpdateScreen
                0x08002ae4       0x50 ./app/src/display/ssd1306.o
                0x08002ae4                ssd1306_UpdateScreen
 .text.ssd1306_DrawPixel
                0x08002b34       0xa4 ./app/src/display/ssd1306.o
                0x08002b34                ssd1306_DrawPixel
 .text.ssd1306_WriteChar
                0x08002bd8      0x124 ./app/src/display/ssd1306.o
                0x08002bd8                ssd1306_WriteChar
 .text.ssd1306_WriteString
                0x08002cfc       0x4c ./app/src/display/ssd1306.o
                0x08002cfc                ssd1306_WriteString
 .text.ssd1306_SetCursor
                0x08002d48       0x30 ./app/src/display/ssd1306.o
                0x08002d48                ssd1306_SetCursor
 .text.ssd1306_Line
                0x08002d78       0xd8 ./app/src/display/ssd1306.o
                0x08002d78                ssd1306_Line
 .text.ssd1306_DrawRectangle
                0x08002e50       0x6e ./app/src/display/ssd1306.o
                0x08002e50                ssd1306_DrawRectangle
 .text.ssd1306_SetContrast
                0x08002ebe       0x26 ./app/src/display/ssd1306.o
                0x08002ebe                ssd1306_SetContrast
 .text.ssd1306_SetDisplayOn
                0x08002ee4       0x3c ./app/src/display/ssd1306.o
                0x08002ee4                ssd1306_SetDisplayOn
 .text.memset   0x08002f20       0x10 C:/Program Files/ST/STM32CubeIDE_1.18.0/STM32CubeIDE/plugins/com.st.stm32cube.ide.mcu.externaltools.gnu-tools-for-stm32.13.3.rel1.win32_1.0.0.202411081344/tools/bin/../lib/gcc/arm-none-eabi/13.3.1/../../../../arm-none-eabi/lib/thumb/v7-m/nofp\libc_nano.a(libc_a-memset.o)
                0x08002f20                memset
 .text.__libc_init_array
                0x08002f30       0x48 C:/Program Files/ST/STM32CubeIDE_1.18.0/STM32CubeIDE/plugins/com.st.stm32cube.ide.mcu.externaltools.gnu-tools-for-stm32.13.3.rel1.win32_1.0.0.202411081344/tools/bin/../lib/gcc/arm-none-eabi/13.3.1/../../../../arm-none-eabi/lib/thumb/v7-m/nofp\libc_nano.a(libc_a-init.o)
                0x08002f30                __libc_init_array
 *(.glue_7)
 .glue_7        0x08002f78        0x0 linker stubs
 *(.glue_7t)
 .glue_7t       0x08002f78        0x0 linker stubs
 *(.eh_frame)
 .eh_frame      0x08002f78        0x0 C:/Program Files/ST/STM32CubeIDE_1.18.0/STM32CubeIDE/plugins/com.st.stm32cube.ide.mcu.externaltools.gnu-tools-for-stm32.13.3.rel1.win32_1.0.0.202411081344/tools/bin/../lib/gcc/arm-none-eabi/13.3.1/thumb/v7-m/nofp/crtbegin.o
 *(.init)
 .init          0x08002f78        0x4 C:/Program Files/ST/STM32CubeIDE_1.18.0/STM32CubeIDE/plugins/com.st.stm32cube.ide.mcu.externaltools.gnu-tools-for-stm32.13.3.rel1.win32_1.0.0.202411081344/tools/bin/../lib/gcc/arm-none-eabi/13.3.1/thumb/v7-m/nofp/crti.o
                0x08002f78                _init
 .init          0x08002f7c        0x8 C:/Program Files/ST/STM32CubeIDE_1.18.0/STM32CubeIDE/plugins/com.st.stm32cube.ide.mcu.externaltools.gnu-tools-for-stm32.13.3.rel1.win32_1.0.0.202411081344/tools/bin/../lib/gcc/arm-none-eabi/13.3.1/thumb/v7-m/nofp/crtn.o
 *(.fini)
 .fini          0x08002f84        0x4 C:/Program Files/ST/STM32CubeIDE_1.18.0/STM32CubeIDE/plugins/com.st.stm32cube.ide.mcu.externaltools.gnu-tools-for-stm32.13.3.rel1.win32_1.0.0.202411081344/tools/bin/../lib/gcc/arm-none-eabi/13.3.1/thumb/v7-m/nofp/crti.o
                0x08002f84                _fini
 .fini          0x08002f88        0x8 C:/Program Files/ST/STM32CubeIDE_1.18.0/STM32CubeIDE/plugins/com.st.stm32cube.ide.mcu.externaltools.gnu-tools-for-stm32.13.3.rel1.win32_1.0.0.202411081344/tools/bin/../lib/gcc/arm-none-eabi/13.3.1/thumb/v7-m/nofp/crtn.o
                0x08002f90                        . = ALIGN (0x4)
                0x08002f90                        _etext = .

.vfp11_veneer   0x08002f90        0x0
 .vfp11_veneer  0x08002f90        0x0 linker stubs

.v4_bx          0x08002f90        0x0
 .v4_bx         0x08002f90        0x0 linker stubs

.iplt           0x08002f90        0x0
 .iplt          0x08002f90        0x0 C:/Program Files/ST/STM32CubeIDE_1.18.0/STM32CubeIDE/plugins/com.st.stm32cube.ide.mcu.externaltools.gnu-tools-for-stm32.13.3.rel1.win32_1.0.0.202411081344/tools/bin/../lib/gcc/arm-none-eabi/13.3.1/thumb/v7-m/nofp/crtbegin.o

.rodata         0x08002f90     0x13fc
                0x08002f90                        . = ALIGN (0x4)
 *(.rodata)
 .rodata        0x08002f90       0x10 ./app/src/Display_Menu.o
 .rodata        0x08002fa0       0x59 ./app/src/app.o
 *(.rodata*)
 *fill*         0x08002ff9        0x3 
 .rodata.AHBPrescTable
                0x08002ffc       0x10 ./Core/Src/system_stm32f1xx.o
                0x08002ffc                AHBPrescTable
 .rodata.APBPrescTable
                0x0800300c        0x8 ./Core/Src/system_stm32f1xx.o
                0x0800300c                APBPrescTable
 .rodata.aPLLMULFactorTable.1
                0x08003014       0x10 ./Drivers/STM32F1xx_HAL_Driver/Src/stm32f1xx_hal_rcc.o
 .rodata.aPredivFactorTable.0
                0x08003024        0x2 ./Drivers/STM32F1xx_HAL_Driver/Src/stm32f1xx_hal_rcc.o
 *fill*         0x08003026        0x2 
 .rodata.Font11x18
                0x08003028      0xd5c ./app/src/display/ssd1306_fonts.o
 .rodata.Font6x8
                0x08003d84      0x5f0 ./app/src/display/ssd1306_fonts.o
 .rodata.Font_6x8
                0x08004374        0xc ./app/src/display/ssd1306_fonts.o
                0x08004374                Font_6x8
 .rodata.Font_11x18
                0x08004380        0xc ./app/src/display/ssd1306_fonts.o
                0x08004380                Font_11x18
                0x0800438c                        . = ALIGN (0x4)

.ARM.extab      0x0800438c        0x0
                0x0800438c                        . = ALIGN (0x4)
 *(.ARM.extab* .gnu.linkonce.armextab.*)
                0x0800438c                        . = ALIGN (0x4)

.ARM            0x0800438c        0x8
                0x0800438c                        . = ALIGN (0x4)
                0x0800438c                        __exidx_start = .
 *(.ARM.exidx*)
 .ARM.exidx     0x0800438c        0x8 C:/Program Files/ST/STM32CubeIDE_1.18.0/STM32CubeIDE/plugins/com.st.stm32cube.ide.mcu.externaltools.gnu-tools-for-stm32.13.3.rel1.win32_1.0.0.202411081344/tools/bin/../lib/gcc/arm-none-eabi/13.3.1/../../../../arm-none-eabi/lib/thumb/v7-m/nofp\libc_nano.a(libc_a-strlen.o)
                0x08004394                        __exidx_end = .
                0x08004394                        . = ALIGN (0x4)

.preinit_array  0x08004394        0x0
                0x08004394                        . = ALIGN (0x4)
                0x08004394                        PROVIDE (__preinit_array_start = .)
 *(.preinit_array*)
                0x08004394                        PROVIDE (__preinit_array_end = .)
                0x08004394                        . = ALIGN (0x4)

.init_array     0x08004394        0x4
                0x08004394                        . = ALIGN (0x4)
                0x08004394                        PROVIDE (__init_array_start = .)
 *(SORT_BY_NAME(.init_array.*))
 *(.init_array*)
 .init_array    0x08004394        0x4 C:/Program Files/ST/STM32CubeIDE_1.18.0/STM32CubeIDE/plugins/com.st.stm32cube.ide.mcu.externaltools.gnu-tools-for-stm32.13.3.rel1.win32_1.0.0.202411081344/tools/bin/../lib/gcc/arm-none-eabi/13.3.1/thumb/v7-m/nofp/crtbegin.o
                0x08004398                        PROVIDE (__init_array_end = .)
                0x08004398                        . = ALIGN (0x4)

.fini_array     0x08004398        0x4
                0x08004398                        . = ALIGN (0x4)
                [!provide]                        PROVIDE (__fini_array_start = .)
 *(SORT_BY_NAME(.fini_array.*))
 *(.fini_array*)
 .fini_array    0x08004398        0x4 C:/Program Files/ST/STM32CubeIDE_1.18.0/STM32CubeIDE/plugins/com.st.stm32cube.ide.mcu.externaltools.gnu-tools-for-stm32.13.3.rel1.win32_1.0.0.202411081344/tools/bin/../lib/gcc/arm-none-eabi/13.3.1/thumb/v7-m/nofp/crtbegin.o
                [!provide]                        PROVIDE (__fini_array_end = .)
                0x0800439c                        . = ALIGN (0x4)
                0x0800439c                        _sidata = LOADADDR (.data)

.rel.dyn        0x0800439c        0x0
 .rel.iplt      0x0800439c        0x0 C:/Program Files/ST/STM32CubeIDE_1.18.0/STM32CubeIDE/plugins/com.st.stm32cube.ide.mcu.externaltools.gnu-tools-for-stm32.13.3.rel1.win32_1.0.0.202411081344/tools/bin/../lib/gcc/arm-none-eabi/13.3.1/thumb/v7-m/nofp/crtbegin.o

.data           0x20000000       0x28 load address 0x0800439c
                0x20000000                        . = ALIGN (0x4)
                0x20000000                        _sdata = .
 *(.data)
 *(.data*)
 .data.SystemCoreClock
                0x20000000        0x4 ./Core/Src/system_stm32f1xx.o
                0x20000000                SystemCoreClock
 .data.uwTickPrio
                0x20000004        0x4 ./Drivers/STM32F1xx_HAL_Driver/Src/stm32f1xx_hal.o
                0x20000004                uwTickPrio
 .data.uwTickFreq
                0x20000008        0x1 ./Drivers/STM32F1xx_HAL_Driver/Src/stm32f1xx_hal.o
                0x20000008                uwTickFreq
 *fill*         0x20000009        0x3 
 .data.Default_Data
                0x2000000c        0x6 ./app/src/app.o
 *fill*         0x20000012        0x2 
 .data.Etiquetas_Menu_Ppal
                0x20000014       0x10 ./app/src/app.o
                0x20000014                Etiquetas_Menu_Ppal
 .data.Etiqueta_De_Menu
                0x20000024        0x4 ./app/src/app.o
                0x20000024                Etiqueta_De_Menu
 *(.RamFunc)
 *(.RamFunc*)
                0x20000028                        . = ALIGN (0x4)
                0x20000028                        _edata = .

.igot.plt       0x20000028        0x0 load address 0x080043c4
 .igot.plt      0x20000028        0x0 C:/Program Files/ST/STM32CubeIDE_1.18.0/STM32CubeIDE/plugins/com.st.stm32cube.ide.mcu.externaltools.gnu-tools-for-stm32.13.3.rel1.win32_1.0.0.202411081344/tools/bin/../lib/gcc/arm-none-eabi/13.3.1/thumb/v7-m/nofp/crtbegin.o
                0x20000028                        . = ALIGN (0x4)

.bss            0x20000028      0x55c load address 0x080043c4
                0x20000028                        _sbss = .
                0x20000028                        __bss_start__ = _sbss
 *(.bss)
 .bss           0x20000028       0x1c C:/Program Files/ST/STM32CubeIDE_1.18.0/STM32CubeIDE/plugins/com.st.stm32cube.ide.mcu.externaltools.gnu-tools-for-stm32.13.3.rel1.win32_1.0.0.202411081344/tools/bin/../lib/gcc/arm-none-eabi/13.3.1/thumb/v7-m/nofp/crtbegin.o
 *(.bss*)
 .bss.hi2c1     0x20000044       0x54 ./Core/Src/main.o
                0x20000044                hi2c1
 .bss.htim1     0x20000098       0x48 ./Core/Src/main.o
                0x20000098                htim1
 .bss.huart2    0x200000e0       0x48 ./Core/Src/main.o
                0x200000e0                huart2
 .bss.uwTick    0x20000128        0x4 ./Drivers/STM32F1xx_HAL_Driver/Src/stm32f1xx_hal.o
                0x20000128                uwTick
 .bss.Encoder   0x2000012c       0x10 ./app/src/app.o
                0x2000012c                Encoder
 .bss.Opciones_Menu_Ppal
                0x2000013c       0x30 ./app/src/app.o
                0x2000013c                Opciones_Menu_Ppal
 .bss.Menu_Ppal
                0x2000016c        0x8 ./app/src/app.o
                0x2000016c                Menu_Ppal
 .bss.Menu_Ajustes
                0x20000174        0x8 ./app/src/app.o
                0x20000174                Menu_Ajustes
 .bss.SSD1306_Buffer
                0x2000017c      0x400 ./app/src/display/ssd1306.o
 .bss.SSD1306   0x2000057c        0x6 ./app/src/display/ssd1306.o
 *(COMMON)
                0x20000584                        . = ALIGN (0x4)
 *fill*         0x20000582        0x2 
                0x20000584                        _ebss = .
                0x20000584                        __bss_end__ = _ebss

._user_heap_stack
                0x20000584      0x604 load address 0x080043c4
                0x20000588                        . = ALIGN (0x8)
 *fill*         0x20000584        0x4 
                [!provide]                        PROVIDE (end = .)
                0x20000588                        PROVIDE (_end = .)
                0x20000788                        . = (. + _Min_Heap_Size)
 *fill*         0x20000588      0x200 
                0x20000b88                        . = (. + _Min_Stack_Size)
 *fill*         0x20000788      0x400 
                0x20000b88                        . = ALIGN (0x8)

/DISCARD/
 libc.a(*)
 libm.a(*)
 libgcc.a(*)

.ARM.attributes
                0x00000000       0x29
 *(.ARM.attributes)
 .ARM.attributes
                0x00000000       0x1d C:/Program Files/ST/STM32CubeIDE_1.18.0/STM32CubeIDE/plugins/com.st.stm32cube.ide.mcu.externaltools.gnu-tools-for-stm32.13.3.rel1.win32_1.0.0.202411081344/tools/bin/../lib/gcc/arm-none-eabi/13.3.1/thumb/v7-m/nofp/crti.o
 .ARM.attributes
                0x0000001d       0x2d C:/Program Files/ST/STM32CubeIDE_1.18.0/STM32CubeIDE/plugins/com.st.stm32cube.ide.mcu.externaltools.gnu-tools-for-stm32.13.3.rel1.win32_1.0.0.202411081344/tools/bin/../lib/gcc/arm-none-eabi/13.3.1/thumb/v7-m/nofp/crtbegin.o
 .ARM.attributes
                0x0000004a       0x2d ./Core/Src/main.o
 .ARM.attributes
                0x00000077       0x2d ./Core/Src/stm32f1xx_hal_msp.o
 .ARM.attributes
                0x000000a4       0x2d ./Core/Src/stm32f1xx_it.o
 .ARM.attributes
                0x000000d1       0x2d ./Core/Src/system_stm32f1xx.o
 .ARM.attributes
                0x000000fe       0x21 ./Core/Startup/startup_stm32f103rbtx.o
 .ARM.attributes
                0x0000011f       0x2d ./Drivers/STM32F1xx_HAL_Driver/Src/stm32f1xx_hal.o
 .ARM.attributes
                0x0000014c       0x2d ./Drivers/STM32F1xx_HAL_Driver/Src/stm32f1xx_hal_cortex.o
 .ARM.attributes
                0x00000179       0x2d ./Drivers/STM32F1xx_HAL_Driver/Src/stm32f1xx_hal_gpio.o
 .ARM.attributes
                0x000001a6       0x2d ./Drivers/STM32F1xx_HAL_Driver/Src/stm32f1xx_hal_i2c.o
 .ARM.attributes
                0x000001d3       0x2d ./Drivers/STM32F1xx_HAL_Driver/Src/stm32f1xx_hal_rcc.o
 .ARM.attributes
                0x00000200       0x2d ./Drivers/STM32F1xx_HAL_Driver/Src/stm32f1xx_hal_tim.o
 .ARM.attributes
                0x0000022d       0x2d ./Drivers/STM32F1xx_HAL_Driver/Src/stm32f1xx_hal_tim_ex.o
 .ARM.attributes
                0x0000025a       0x2d ./Drivers/STM32F1xx_HAL_Driver/Src/stm32f1xx_hal_uart.o
 .ARM.attributes
                0x00000287       0x2d ./app/src/Display_Menu.o
 .ARM.attributes
                0x000002b4       0x2d ./app/src/Leer_Encoder.o
 .ARM.attributes
                0x000002e1       0x2d ./app/src/app.o
 .ARM.attributes
                0x0000030e       0x2d ./app/src/display/ssd1306.o
 .ARM.attributes
                0x0000033b       0x2d ./app/src/display/ssd1306_fonts.o
 .ARM.attributes
                0x00000368       0x2d C:/Program Files/ST/STM32CubeIDE_1.18.0/STM32CubeIDE/plugins/com.st.stm32cube.ide.mcu.externaltools.gnu-tools-for-stm32.13.3.rel1.win32_1.0.0.202411081344/tools/bin/../lib/gcc/arm-none-eabi/13.3.1/../../../../arm-none-eabi/lib/thumb/v7-m/nofp\libc_nano.a(libc_a-memset.o)
 .ARM.attributes
                0x00000395       0x2d C:/Program Files/ST/STM32CubeIDE_1.18.0/STM32CubeIDE/plugins/com.st.stm32cube.ide.mcu.externaltools.gnu-tools-for-stm32.13.3.rel1.win32_1.0.0.202411081344/tools/bin/../lib/gcc/arm-none-eabi/13.3.1/../../../../arm-none-eabi/lib/thumb/v7-m/nofp\libc_nano.a(libc_a-init.o)
 .ARM.attributes
                0x000003c2       0x17 C:/Program Files/ST/STM32CubeIDE_1.18.0/STM32CubeIDE/plugins/com.st.stm32cube.ide.mcu.externaltools.gnu-tools-for-stm32.13.3.rel1.win32_1.0.0.202411081344/tools/bin/../lib/gcc/arm-none-eabi/13.3.1/../../../../arm-none-eabi/lib/thumb/v7-m/nofp\libc_nano.a(libc_a-strlen.o)
 .ARM.attributes
                0x000003d9       0x1d C:/Program Files/ST/STM32CubeIDE_1.18.0/STM32CubeIDE/plugins/com.st.stm32cube.ide.mcu.externaltools.gnu-tools-for-stm32.13.3.rel1.win32_1.0.0.202411081344/tools/bin/../lib/gcc/arm-none-eabi/13.3.1/thumb/v7-m/nofp/crtn.o
OUTPUT(tdse-tpf.elf elf32-littlearm)
LOAD linker stubs
LOAD C:/Program Files/ST/STM32CubeIDE_1.18.0/STM32CubeIDE/plugins/com.st.stm32cube.ide.mcu.externaltools.gnu-tools-for-stm32.13.3.rel1.win32_1.0.0.202411081344/tools/bin/../lib/gcc/arm-none-eabi/13.3.1/../../../../arm-none-eabi/lib/thumb/v7-m/nofp\libc.a
LOAD C:/Program Files/ST/STM32CubeIDE_1.18.0/STM32CubeIDE/plugins/com.st.stm32cube.ide.mcu.externaltools.gnu-tools-for-stm32.13.3.rel1.win32_1.0.0.202411081344/tools/bin/../lib/gcc/arm-none-eabi/13.3.1/../../../../arm-none-eabi/lib/thumb/v7-m/nofp\libm.a
LOAD C:/Program Files/ST/STM32CubeIDE_1.18.0/STM32CubeIDE/plugins/com.st.stm32cube.ide.mcu.externaltools.gnu-tools-for-stm32.13.3.rel1.win32_1.0.0.202411081344/tools/bin/../lib/gcc/arm-none-eabi/13.3.1/thumb/v7-m/nofp\libgcc.a

.debug_info     0x00000000     0xfe70
 .debug_info    0x00000000     0x1281 ./Core/Src/main.o
 .debug_info    0x00001281      0xf04 ./Core/Src/stm32f1xx_hal_msp.o
 .debug_info    0x00002185      0x14b ./Core/Src/stm32f1xx_it.o
 .debug_info    0x000022d0      0x222 ./Core/Src/system_stm32f1xx.o
 .debug_info    0x000024f2       0x30 ./Core/Startup/startup_stm32f103rbtx.o
 .debug_info    0x00002522      0x704 ./Drivers/STM32F1xx_HAL_Driver/Src/stm32f1xx_hal.o
 .debug_info    0x00002c26      0xa87 ./Drivers/STM32F1xx_HAL_Driver/Src/stm32f1xx_hal_cortex.o
 .debug_info    0x000036ad      0x5ab ./Drivers/STM32F1xx_HAL_Driver/Src/stm32f1xx_hal_gpio.o
 .debug_info    0x00003c58     0x2524 ./Drivers/STM32F1xx_HAL_Driver/Src/stm32f1xx_hal_i2c.o
 .debug_info    0x0000617c      0x7d5 ./Drivers/STM32F1xx_HAL_Driver/Src/stm32f1xx_hal_rcc.o
 .debug_info    0x00006951     0x2959 ./Drivers/STM32F1xx_HAL_Driver/Src/stm32f1xx_hal_tim.o
 .debug_info    0x000092aa     0x149b ./Drivers/STM32F1xx_HAL_Driver/Src/stm32f1xx_hal_tim_ex.o
 .debug_info    0x0000a745     0x2eed ./Drivers/STM32F1xx_HAL_Driver/Src/stm32f1xx_hal_uart.o
 .debug_info    0x0000d632      0x370 ./app/src/Display_Menu.o
 .debug_info    0x0000d9a2      0x724 ./app/src/Leer_Encoder.o
 .debug_info    0x0000e0c6      0x8cd ./app/src/app.o
 .debug_info    0x0000e993     0x1239 ./app/src/display/ssd1306.o
 .debug_info    0x0000fbcc      0x2a4 ./app/src/display/ssd1306_fonts.o

.debug_abbrev   0x00000000     0x240e
 .debug_abbrev  0x00000000      0x2d1 ./Core/Src/main.o
 .debug_abbrev  0x000002d1      0x1ea ./Core/Src/stm32f1xx_hal_msp.o
 .debug_abbrev  0x000004bb       0xa0 ./Core/Src/stm32f1xx_it.o
 .debug_abbrev  0x0000055b      0x13f ./Core/Src/system_stm32f1xx.o
 .debug_abbrev  0x0000069a       0x24 ./Core/Startup/startup_stm32f103rbtx.o
 .debug_abbrev  0x000006be      0x201 ./Drivers/STM32F1xx_HAL_Driver/Src/stm32f1xx_hal.o
 .debug_abbrev  0x000008bf      0x2f8 ./Drivers/STM32F1xx_HAL_Driver/Src/stm32f1xx_hal_cortex.o
 .debug_abbrev  0x00000bb7      0x1ca ./Drivers/STM32F1xx_HAL_Driver/Src/stm32f1xx_hal_gpio.o
 .debug_abbrev  0x00000d81      0x2a3 ./Drivers/STM32F1xx_HAL_Driver/Src/stm32f1xx_hal_i2c.o
 .debug_abbrev  0x00001024      0x2b3 ./Drivers/STM32F1xx_HAL_Driver/Src/stm32f1xx_hal_rcc.o
 .debug_abbrev  0x000012d7      0x277 ./Drivers/STM32F1xx_HAL_Driver/Src/stm32f1xx_hal_tim.o
 .debug_abbrev  0x0000154e      0x282 ./Drivers/STM32F1xx_HAL_Driver/Src/stm32f1xx_hal_tim_ex.o
 .debug_abbrev  0x000017d0      0x2f8 ./Drivers/STM32F1xx_HAL_Driver/Src/stm32f1xx_hal_uart.o
 .debug_abbrev  0x00001ac8      0x195 ./app/src/Display_Menu.o
 .debug_abbrev  0x00001c5d      0x18f ./app/src/Leer_Encoder.o
 .debug_abbrev  0x00001dec      0x1e2 ./app/src/app.o
 .debug_abbrev  0x00001fce      0x371 ./app/src/display/ssd1306.o
 .debug_abbrev  0x0000233f       0xcf ./app/src/display/ssd1306_fonts.o

.debug_aranges  0x00000000      0xf90
 .debug_aranges
                0x00000000       0x50 ./Core/Src/main.o
 .debug_aranges
                0x00000050       0x50 ./Core/Src/stm32f1xx_hal_msp.o
 .debug_aranges
                0x000000a0       0x68 ./Core/Src/stm32f1xx_it.o
 .debug_aranges
                0x00000108       0x28 ./Core/Src/system_stm32f1xx.o
 .debug_aranges
                0x00000130       0x28 ./Core/Startup/startup_stm32f103rbtx.o
 .debug_aranges
                0x00000158       0xe0 ./Drivers/STM32F1xx_HAL_Driver/Src/stm32f1xx_hal.o
 .debug_aranges
                0x00000238      0x100 ./Drivers/STM32F1xx_HAL_Driver/Src/stm32f1xx_hal_cortex.o
 .debug_aranges
                0x00000338       0x58 ./Drivers/STM32F1xx_HAL_Driver/Src/stm32f1xx_hal_gpio.o
 .debug_aranges
                0x00000390      0x2a8 ./Drivers/STM32F1xx_HAL_Driver/Src/stm32f1xx_hal_i2c.o
 .debug_aranges
                0x00000638       0x90 ./Drivers/STM32F1xx_HAL_Driver/Src/stm32f1xx_hal_rcc.o
 .debug_aranges
                0x000006c8      0x3d0 ./Drivers/STM32F1xx_HAL_Driver/Src/stm32f1xx_hal_tim.o
 .debug_aranges
                0x00000a98      0x168 ./Drivers/STM32F1xx_HAL_Driver/Src/stm32f1xx_hal_tim_ex.o
 .debug_aranges
                0x00000c00      0x208 ./Drivers/STM32F1xx_HAL_Driver/Src/stm32f1xx_hal_uart.o
 .debug_aranges
                0x00000e08       0x38 ./app/src/Display_Menu.o
 .debug_aranges
                0x00000e40       0x28 ./app/src/Leer_Encoder.o
 .debug_aranges
                0x00000e68       0x28 ./app/src/app.o
 .debug_aranges
                0x00000e90       0xe8 ./app/src/display/ssd1306.o
 .debug_aranges
                0x00000f78       0x18 ./app/src/display/ssd1306_fonts.o

.debug_rnglists
                0x00000000      0xc3d
 .debug_rnglists
                0x00000000       0x3a ./Core/Src/main.o
 .debug_rnglists
                0x0000003a       0x39 ./Core/Src/stm32f1xx_hal_msp.o
 .debug_rnglists
                0x00000073       0x49 ./Core/Src/stm32f1xx_it.o
 .debug_rnglists
                0x000000bc       0x1a ./Core/Src/system_stm32f1xx.o
 .debug_rnglists
                0x000000d6       0x19 ./Core/Startup/startup_stm32f103rbtx.o
 .debug_rnglists
                0x000000ef       0xa3 ./Drivers/STM32F1xx_HAL_Driver/Src/stm32f1xx_hal.o
 .debug_rnglists
                0x00000192       0xbb ./Drivers/STM32F1xx_HAL_Driver/Src/stm32f1xx_hal_cortex.o
 .debug_rnglists
                0x0000024d       0x3f ./Drivers/STM32F1xx_HAL_Driver/Src/stm32f1xx_hal_gpio.o
 .debug_rnglists
                0x0000028c      0x23c ./Drivers/STM32F1xx_HAL_Driver/Src/stm32f1xx_hal_i2c.o
 .debug_rnglists
                0x000004c8       0x6c ./Drivers/STM32F1xx_HAL_Driver/Src/stm32f1xx_hal_rcc.o
 .debug_rnglists
                0x00000534      0x31a ./Drivers/STM32F1xx_HAL_Driver/Src/stm32f1xx_hal_tim.o
 .debug_rnglists
                0x0000084e      0x125 ./Drivers/STM32F1xx_HAL_Driver/Src/stm32f1xx_hal_tim_ex.o
 .debug_rnglists
                0x00000973      0x1bc ./Drivers/STM32F1xx_HAL_Driver/Src/stm32f1xx_hal_uart.o
 .debug_rnglists
                0x00000b2f       0x26 ./app/src/Display_Menu.o
 .debug_rnglists
                0x00000b55       0x1a ./app/src/Leer_Encoder.o
 .debug_rnglists
                0x00000b6f       0x1a ./app/src/app.o
 .debug_rnglists
                0x00000b89       0xb4 ./app/src/display/ssd1306.o

.debug_macro    0x00000000    0x1823c
 .debug_macro   0x00000000      0x1cf ./Core/Src/main.o
 .debug_macro   0x000001cf      0xacc ./Core/Src/main.o
 .debug_macro   0x00000c9b      0x221 ./Core/Src/main.o
 .debug_macro   0x00000ebc       0x2e ./Core/Src/main.o
 .debug_macro   0x00000eea       0x22 ./Core/Src/main.o
 .debug_macro   0x00000f0c       0x22 ./Core/Src/main.o
 .debug_macro   0x00000f2e       0x8e ./Core/Src/main.o
 .debug_macro   0x00000fbc       0x51 ./Core/Src/main.o
 .debug_macro   0x0000100d      0x103 ./Core/Src/main.o
 .debug_macro   0x00001110       0x6a ./Core/Src/main.o
 .debug_macro   0x0000117a      0x1df ./Core/Src/main.o
 .debug_macro   0x00001359       0x1c ./Core/Src/main.o
 .debug_macro   0x00001375       0x22 ./Core/Src/main.o
 .debug_macro   0x00001397       0xbd ./Core/Src/main.o
 .debug_macro   0x00001454      0xd23 ./Core/Src/main.o
 .debug_macro   0x00002177     0xe09e ./Core/Src/main.o
 .debug_macro   0x00010215       0x6d ./Core/Src/main.o
 .debug_macro   0x00010282     0x34a2 ./Core/Src/main.o
 .debug_macro   0x00013724      0x190 ./Core/Src/main.o
 .debug_macro   0x000138b4       0x5c ./Core/Src/main.o
 .debug_macro   0x00013910      0x5bc ./Core/Src/main.o
 .debug_macro   0x00013ecc      0x289 ./Core/Src/main.o
 .debug_macro   0x00014155      0x1cb ./Core/Src/main.o
 .debug_macro   0x00014320      0x114 ./Core/Src/main.o
 .debug_macro   0x00014434      0x1b2 ./Core/Src/main.o
 .debug_macro   0x000145e6       0x27 ./Core/Src/main.o
 .debug_macro   0x0001460d      0x136 ./Core/Src/main.o
 .debug_macro   0x00014743      0x1bc ./Core/Src/main.o
 .debug_macro   0x000148ff       0x34 ./Core/Src/main.o
 .debug_macro   0x00014933       0x3c ./Core/Src/main.o
 .debug_macro   0x0001496f       0x57 ./Core/Src/main.o
 .debug_macro   0x000149c6       0x87 ./Core/Src/main.o
 .debug_macro   0x00014a4d      0x240 ./Core/Src/main.o
 .debug_macro   0x00014c8d      0x287 ./Core/Src/main.o
 .debug_macro   0x00014f14      0x140 ./Core/Src/main.o
 .debug_macro   0x00015054      0x8ed ./Core/Src/main.o
 .debug_macro   0x00015941      0x28e ./Core/Src/main.o
 .debug_macro   0x00015bcf       0x83 ./Core/Src/main.o
 .debug_macro   0x00015c52       0x5e ./Core/Src/main.o
 .debug_macro   0x00015cb0       0x22 ./Core/Src/main.o
 .debug_macro   0x00015cd2      0x1bc ./Core/Src/stm32f1xx_hal_msp.o
 .debug_macro   0x00015e8e      0x1c6 ./Core/Src/stm32f1xx_it.o
 .debug_macro   0x00016054      0x1ad ./Core/Src/system_stm32f1xx.o
 .debug_macro   0x00016201      0x1d1 ./Drivers/STM32F1xx_HAL_Driver/Src/stm32f1xx_hal.o
 .debug_macro   0x000163d2      0x1ad ./Drivers/STM32F1xx_HAL_Driver/Src/stm32f1xx_hal_cortex.o
 .debug_macro   0x0001657f      0x218 ./Drivers/STM32F1xx_HAL_Driver/Src/stm32f1xx_hal_gpio.o
 .debug_macro   0x00016797      0x1fb ./Drivers/STM32F1xx_HAL_Driver/Src/stm32f1xx_hal_i2c.o
 .debug_macro   0x00016992      0x1bf ./Drivers/STM32F1xx_HAL_Driver/Src/stm32f1xx_hal_rcc.o
 .debug_macro   0x00016b51      0x1ae ./Drivers/STM32F1xx_HAL_Driver/Src/stm32f1xx_hal_tim.o
 .debug_macro   0x00016cff      0x1ad ./Drivers/STM32F1xx_HAL_Driver/Src/stm32f1xx_hal_tim_ex.o
 .debug_macro   0x00016eac      0x1ae ./Drivers/STM32F1xx_HAL_Driver/Src/stm32f1xx_hal_uart.o
 .debug_macro   0x0001705a      0x2e7 ./app/src/Display_Menu.o
 .debug_macro   0x00017341       0x61 ./app/src/Display_Menu.o
 .debug_macro   0x000173a2       0x46 ./app/src/Display_Menu.o
 .debug_macro   0x000173e8       0x4c ./app/src/Display_Menu.o
 .debug_macro   0x00017434       0x10 ./app/src/Display_Menu.o
 .debug_macro   0x00017444       0x20 ./app/src/Display_Menu.o
 .debug_macro   0x00017464      0x209 ./app/src/Leer_Encoder.o
 .debug_macro   0x0001766d      0x2e9 ./app/src/app.o
 .debug_macro   0x00017956       0x16 ./app/src/app.o
 .debug_macro   0x0001796c       0x9e ./app/src/app.o
 .debug_macro   0x00017a0a      0x112 ./app/src/app.o
 .debug_macro   0x00017b1c       0x16 ./app/src/app.o
 .debug_macro   0x00017b32       0x56 ./app/src/app.o
 .debug_macro   0x00017b88      0x2d8 ./app/src/display/ssd1306.o
 .debug_macro   0x00017e60       0x28 ./app/src/display/ssd1306.o
 .debug_macro   0x00017e88      0x19b ./app/src/display/ssd1306.o
 .debug_macro   0x00018023       0x16 ./app/src/display/ssd1306.o
 .debug_macro   0x00018039      0x203 ./app/src/display/ssd1306_fonts.o

.debug_line     0x00000000    0x141ab
 .debug_line    0x00000000      0x97f ./Core/Src/main.o
 .debug_line    0x0000097f      0x8ae ./Core/Src/stm32f1xx_hal_msp.o
 .debug_line    0x0000122d      0x899 ./Core/Src/stm32f1xx_it.o
 .debug_line    0x00001ac6      0x851 ./Core/Src/system_stm32f1xx.o
 .debug_line    0x00002317       0x78 ./Core/Startup/startup_stm32f103rbtx.o
 .debug_line    0x0000238f      0xa82 ./Drivers/STM32F1xx_HAL_Driver/Src/stm32f1xx_hal.o
 .debug_line    0x00002e11      0xc4c ./Drivers/STM32F1xx_HAL_Driver/Src/stm32f1xx_hal_cortex.o
 .debug_line    0x00003a5d      0xadf ./Drivers/STM32F1xx_HAL_Driver/Src/stm32f1xx_hal_gpio.o
 .debug_line    0x0000453c     0x3c7f ./Drivers/STM32F1xx_HAL_Driver/Src/stm32f1xx_hal_i2c.o
 .debug_line    0x000081bb      0xf3b ./Drivers/STM32F1xx_HAL_Driver/Src/stm32f1xx_hal_rcc.o
 .debug_line    0x000090f6     0x3570 ./Drivers/STM32F1xx_HAL_Driver/Src/stm32f1xx_hal_tim.o
 .debug_line    0x0000c666     0x1946 ./Drivers/STM32F1xx_HAL_Driver/Src/stm32f1xx_hal_tim_ex.o
 .debug_line    0x0000dfac     0x259e ./Drivers/STM32F1xx_HAL_Driver/Src/stm32f1xx_hal_uart.o
 .debug_line    0x0001054a      0xb52 ./app/src/Display_Menu.o
 .debug_line    0x0001109c      0x90f ./app/src/Leer_Encoder.o
 .debug_line    0x000119ab      0xaed ./app/src/app.o
 .debug_line    0x00012498     0x133b ./app/src/display/ssd1306.o
 .debug_line    0x000137d3      0x9d8 ./app/src/display/ssd1306_fonts.o

.debug_str      0x00000000    0x8d9f8
 .debug_str     0x00000000    0x8d9f8 ./Core/Src/main.o
                              0x861c6 (size before relaxing)
 .debug_str     0x0008d9f8    0x85bdb ./Core/Src/stm32f1xx_hal_msp.o
 .debug_str     0x0008d9f8    0x851f9 ./Core/Src/stm32f1xx_it.o
 .debug_str     0x0008d9f8    0x8508b ./Core/Src/system_stm32f1xx.o
 .debug_str     0x0008d9f8       0x81 ./Core/Startup/startup_stm32f103rbtx.o
 .debug_str     0x0008d9f8    0x857be ./Drivers/STM32F1xx_HAL_Driver/Src/stm32f1xx_hal.o
 .debug_str     0x0008d9f8    0x8570a ./Drivers/STM32F1xx_HAL_Driver/Src/stm32f1xx_hal_cortex.o
 .debug_str     0x0008d9f8    0x85411 ./Drivers/STM32F1xx_HAL_Driver/Src/stm32f1xx_hal_gpio.o
 .debug_str     0x0008d9f8    0x86152 ./Drivers/STM32F1xx_HAL_Driver/Src/stm32f1xx_hal_i2c.o
 .debug_str     0x0008d9f8    0x854ba ./Drivers/STM32F1xx_HAL_Driver/Src/stm32f1xx_hal_rcc.o
 .debug_str     0x0008d9f8    0x864bc ./Drivers/STM32F1xx_HAL_Driver/Src/stm32f1xx_hal_tim.o
 .debug_str     0x0008d9f8    0x85cc8 ./Drivers/STM32F1xx_HAL_Driver/Src/stm32f1xx_hal_tim_ex.o
 .debug_str     0x0008d9f8    0x85b2b ./Drivers/STM32F1xx_HAL_Driver/Src/stm32f1xx_hal_uart.o
 .debug_str     0x0008d9f8    0x8878b ./app/src/Display_Menu.o
 .debug_str     0x0008d9f8    0x857b5 ./app/src/Leer_Encoder.o
 .debug_str     0x0008d9f8    0x891ea ./app/src/app.o
 .debug_str     0x0008d9f8    0x8962f ./app/src/display/ssd1306.o
 .debug_str     0x0008d9f8    0x85611 ./app/src/display/ssd1306_fonts.o

.comment        0x00000000       0x43
 .comment       0x00000000       0x43 ./Core/Src/main.o
                                 0x44 (size before relaxing)
 .comment       0x00000043       0x44 ./Core/Src/stm32f1xx_hal_msp.o
 .comment       0x00000043       0x44 ./Core/Src/stm32f1xx_it.o
 .comment       0x00000043       0x44 ./Core/Src/system_stm32f1xx.o
 .comment       0x00000043       0x44 ./Drivers/STM32F1xx_HAL_Driver/Src/stm32f1xx_hal.o
 .comment       0x00000043       0x44 ./Drivers/STM32F1xx_HAL_Driver/Src/stm32f1xx_hal_cortex.o
 .comment       0x00000043       0x44 ./Drivers/STM32F1xx_HAL_Driver/Src/stm32f1xx_hal_gpio.o
 .comment       0x00000043       0x44 ./Drivers/STM32F1xx_HAL_Driver/Src/stm32f1xx_hal_i2c.o
 .comment       0x00000043       0x44 ./Drivers/STM32F1xx_HAL_Driver/Src/stm32f1xx_hal_rcc.o
 .comment       0x00000043       0x44 ./Drivers/STM32F1xx_HAL_Driver/Src/stm32f1xx_hal_tim.o
 .comment       0x00000043       0x44 ./Drivers/STM32F1xx_HAL_Driver/Src/stm32f1xx_hal_tim_ex.o
 .comment       0x00000043       0x44 ./Drivers/STM32F1xx_HAL_Driver/Src/stm32f1xx_hal_uart.o
 .comment       0x00000043       0x44 ./app/src/Display_Menu.o
 .comment       0x00000043       0x44 ./app/src/Leer_Encoder.o
 .comment       0x00000043       0x44 ./app/src/app.o
 .comment       0x00000043       0x44 ./app/src/display/ssd1306.o
 .comment       0x00000043       0x44 ./app/src/display/ssd1306_fonts.o

.debug_frame    0x00000000     0x4164
 .debug_frame   0x00000000       0xe8 ./Core/Src/main.o
 .debug_frame   0x000000e8      0x110 ./Core/Src/stm32f1xx_hal_msp.o
 .debug_frame   0x000001f8      0x120 ./Core/Src/stm32f1xx_it.o
 .debug_frame   0x00000318       0x58 ./Core/Src/system_stm32f1xx.o
 .debug_frame   0x00000370      0x334 ./Drivers/STM32F1xx_HAL_Driver/Src/stm32f1xx_hal.o
 .debug_frame   0x000006a4      0x428 ./Drivers/STM32F1xx_HAL_Driver/Src/stm32f1xx_hal_cortex.o
 .debug_frame   0x00000acc      0x14c ./Drivers/STM32F1xx_HAL_Driver/Src/stm32f1xx_hal_gpio.o
 .debug_frame   0x00000c18      0xc84 ./Drivers/STM32F1xx_HAL_Driver/Src/stm32f1xx_hal_i2c.o
 .debug_frame   0x0000189c      0x218 ./Drivers/STM32F1xx_HAL_Driver/Src/stm32f1xx_hal_rcc.o
 .debug_frame   0x00001ab4     0x11b8 ./Drivers/STM32F1xx_HAL_Driver/Src/stm32f1xx_hal_tim.o
 .debug_frame   0x00002c6c      0x638 ./Drivers/STM32F1xx_HAL_Driver/Src/stm32f1xx_hal_tim_ex.o
 .debug_frame   0x000032a4      0x944 ./Drivers/STM32F1xx_HAL_Driver/Src/stm32f1xx_hal_uart.o
 .debug_frame   0x00003be8       0xa4 ./app/src/Display_Menu.o
 .debug_frame   0x00003c8c       0x5c ./app/src/Leer_Encoder.o
 .debug_frame   0x00003ce8       0x50 ./app/src/app.o
 .debug_frame   0x00003d38      0x3e0 ./app/src/display/ssd1306.o
 .debug_frame   0x00004118       0x20 C:/Program Files/ST/STM32CubeIDE_1.18.0/STM32CubeIDE/plugins/com.st.stm32cube.ide.mcu.externaltools.gnu-tools-for-stm32.13.3.rel1.win32_1.0.0.202411081344/tools/bin/../lib/gcc/arm-none-eabi/13.3.1/../../../../arm-none-eabi/lib/thumb/v7-m/nofp\libc_nano.a(libc_a-memset.o)
 .debug_frame   0x00004138       0x2c C:/Program Files/ST/STM32CubeIDE_1.18.0/STM32CubeIDE/plugins/com.st.stm32cube.ide.mcu.externaltools.gnu-tools-for-stm32.13.3.rel1.win32_1.0.0.202411081344/tools/bin/../lib/gcc/arm-none-eabi/13.3.1/../../../../arm-none-eabi/lib/thumb/v7-m/nofp\libc_nano.a(libc_a-init.o)

.debug_line_str
                0x00000000       0x65
 .debug_line_str
                0x00000000       0x65 ./Core/Startup/startup_stm32f103rbtx.o
